Copyright 1986-2022 Xilinx, Inc. All Rights Reserved. Copyright 2022-2024 Advanced Micro Devices, Inc. All Rights Reserved.
--------------------------------------------------------------------------------------------------------------------------------------------------------------------
| Tool Version : Vivado v.2024.1 (win64) Build 5076996 Wed May 22 18:37:14 MDT 2024
| Date         : Tue Dec 30 16:42:23 2025
| Host         : Pepo running 64-bit major release  (build 9200)
| Command      : report_methodology -file tetris_top_methodology_drc_routed.rpt -pb tetris_top_methodology_drc_routed.pb -rpx tetris_top_methodology_drc_routed.rpx
| Design       : tetris_top
| Device       : xc7a35tcpg236-1
| Speed File   : -1
| Design State : Fully Routed
--------------------------------------------------------------------------------------------------------------------------------------------------------------------

Report Methodology

Table of Contents
-----------------
1. REPORT SUMMARY
2. REPORT DETAILS

1. REPORT SUMMARY
-----------------
            Netlist: netlist
          Floorplan: design_1
      Design limits: <entire design considered>
             Max violations: <unlimited>
             Violations found: 5
+-----------+------------------+------------------------------------------------------------------+------------+
| Rule      | Severity         | Description                                                      | Violations |
+-----------+------------------+------------------------------------------------------------------+------------+
| TIMING-6  | Critical Warning | No common primary clock between related clocks                   | 2          |
| LUTAR-1   | Warning          | LUT drives async reset alert                                     | 1          |
| TIMING-56 | Warning          | Missing logically or physically excluded clock groups constraint | 2          |
+-----------+------------------+------------------------------------------------------------------+------------+

2. REPORT DETAILS
-----------------
TIMING-6#1 Critical Warning
No common primary clock between related clocks  
The clocks clk_out1_clk_wiz_tetris and clk_out1_clk_wiz_tetris_1 are related (timed together) but they have no common primary clock. The design could fail in hardware. To find a timing path between these clocks, run the following command: report_timing -from [get_clocks clk_out1_clk_wiz_tetris] -to [get_clocks clk_out1_clk_wiz_tetris_1]
Related violations: <none>

TIMING-6#2 Critical Warning
No common primary clock between related clocks  
The clocks clk_out1_clk_wiz_tetris_1 and clk_out1_clk_wiz_tetris are related (timed together) but they have no common primary clock. The design could fail in hardware. To find a timing path between these clocks, run the following command: report_timing -from [get_clocks clk_out1_clk_wiz_tetris_1] -to [get_clocks clk_out1_clk_wiz_tetris]
Related violations: <none>

LUTAR-1#1 Warning
LUT drives async reset alert  
LUT cell input_ctrl_inst/board[11,6][filled]_i_1, with 2 or more inputs, drives asynchronous preset/clear pin(s) piece_ctrl_inst/y_reg_reg[3]/CLR, piece_ctrl_inst/y_reg_reg[4]/CLR,
piece_ctrl_inst/y_reg_reg[5]/CLR, piece_ctrl_inst/y_reg_reg[6]/CLR,
piece_ctrl_inst/y_reg_reg[7]/CLR, piece_ctrl_inst/y_reg_reg[8]/CLR,
piece_ctrl_inst/y_reg_reg[9]/CLR, random_inst/lfsr_reg[0]/CLR,
random_inst/lfsr_reg[1]/PRE, random_inst/lfsr_reg[2]/CLR,
random_inst/lfsr_reg[3]/PRE, random_inst/lfsr_reg[4]/CLR,
random_inst/lfsr_reg[5]/PRE, random_inst/lfsr_reg[6]/CLR,
random_inst/lfsr_reg[7]/PRE (the first 15 of 125 listed). The LUT may glitch and trigger an unexpected reset, even if it is a properly timed path.
Related violations: <none>

TIMING-56#1 Warning
Missing logically or physically excluded clock groups constraint  
Multiple clocks are user generated or auto-derived on the source pin u_clk_wiz/inst/mmcm_adv_inst/CLKFBOUT but are not logically or physically exclusive with respect to one another. To have the static timing analysis match the behavior in hardware, there cannot be multiple clocks generated on the same pin and when such situation occurs, the clocks should be defined as physically or logically exclusive. The list of clocks generated on the source pin is: clkfbout_clk_wiz_tetris, clkfbout_clk_wiz_tetris_1
Related violations: <none>

TIMING-56#2 Warning
Missing logically or physically excluded clock groups constraint  
Multiple clocks are user generated or auto-derived on the source pin u_clk_wiz/inst/mmcm_adv_inst/CLKOUT0 but are not logically or physically exclusive with respect to one another. To have the static timing analysis match the behavior in hardware, there cannot be multiple clocks generated on the same pin and when such situation occurs, the clocks should be defined as physically or logically exclusive. The list of clocks generated on the source pin is: clk_out1_clk_wiz_tetris, clk_out1_clk_wiz_tetris_1
Related violations: <none>


