Copyright 1986-2022 Xilinx, Inc. All Rights Reserved. Copyright 2022-2024 Advanced Micro Devices, Inc. All Rights Reserved.
---------------------------------------------------------------------------------------------------------------------------------------------
| Tool Version : Vivado v.2024.1 (win64) Build 5076996 Wed May 22 18:37:14 MDT 2024
| Date         : Fri Jan  9 13:10:00 2026
| Host         : Pepo running 64-bit major release  (build 9200)
| Command      : report_control_sets -verbose -file tetris_top_control_sets_placed.rpt
| Design       : tetris_top
| Device       : xc7a100t
---------------------------------------------------------------------------------------------------------------------------------------------

Control Set Information

Table of Contents
-----------------
1. Summary
2. Histogram
3. Flip-Flop Distribution
4. Detailed Control Set Information

1. Summary
----------

+----------------------------------------------------------+-------+
|                          Status                          | Count |
+----------------------------------------------------------+-------+
| Total control sets                                       |    11 |
|    Minimum number of control sets                        |    11 |
|    Addition due to synthesis replication                 |     0 |
|    Addition due to physical synthesis replication        |     0 |
| Unused register locations in slices containing registers |    46 |
+----------------------------------------------------------+-------+
* Control sets can be merged at opt_design using control_set_merge or merge_equivalent_drivers
** Run report_qor_suggestions for automated merging and remapping suggestions


2. Histogram
------------

+--------------------+-------+
|       Fanout       | Count |
+--------------------+-------+
| Total control sets |    11 |
| >= 0 to < 4        |     0 |
| >= 4 to < 6        |     1 |
| >= 6 to < 8        |     0 |
| >= 8 to < 10       |     1 |
| >= 10 to < 12      |     2 |
| >= 12 to < 14      |     1 |
| >= 14 to < 16      |     0 |
| >= 16              |     6 |
+--------------------+-------+
* Control sets can be remapped at either synth_design or opt_design


3. Flip-Flop Distribution
-------------------------

+--------------+-----------------------+------------------------+-----------------+--------------+
| Clock Enable | Synchronous Set/Reset | Asynchronous Set/Reset | Total Registers | Total Slices |
+--------------+-----------------------+------------------------+-----------------+--------------+
| No           | No                    | No                     |              20 |            6 |
| No           | No                    | Yes                    |             154 |           60 |
| No           | Yes                   | No                     |             814 |          545 |
| Yes          | No                    | No                     |               0 |            0 |
| Yes          | No                    | Yes                    |             112 |           31 |
| Yes          | Yes                   | No                     |              22 |            7 |
+--------------+-----------------------+------------------------+-----------------+--------------+


4. Detailed Control Set Information
-----------------------------------

+--------------------------+----------------------------------------+-----------------------------+------------------+----------------+--------------+
|       Clock Signal       |              Enable Signal             |       Set/Reset Signal      | Slice Load Count | Bel Load Count | Bels / Slice |
+--------------------------+----------------------------------------+-----------------------------+------------------+----------------+--------------+
|  u_clk_wiz/inst/clk_out1 | game_ctrl_inst/level_r[3]_i_1_n_0      | rst_ff2                     |                1 |              4 |         4.00 |
|  u_clk_wiz/inst/clk_out1 | game_ctrl_inst/next_state              | rst_ff2                     |                3 |              8 |         2.67 |
|  u_clk_wiz/inst/clk_out1 |                                        | vga_inst/h_count[9]_i_1_n_0 |                3 |             10 |         3.33 |
|  u_clk_wiz/inst/clk_out1 | vga_inst/v_count                       | rst_ff2                     |                3 |             10 |         3.33 |
|  u_clk_wiz/inst/clk_out1 | game_ctrl_inst/score_pulse             | input_ctrl_inst/reset_game  |                4 |             12 |         3.00 |
|  u_clk_wiz/inst/clk_out1 |                                        |                             |                6 |             20 |         3.33 |
|  u_clk_wiz/inst/clk_out1 | game_ctrl_inst/lines_accum[31]_i_1_n_0 | rst_ff2                     |                8 |             32 |         4.00 |
|  u_clk_wiz/inst/clk_out1 | input_ctrl_inst/E[0]                   | input_ctrl_inst/reset_game  |               10 |             34 |         3.40 |
|  u_clk_wiz/inst/clk_out1 | piece_ctrl_inst/y_reg[31]_i_1_n_0      | input_ctrl_inst/reset_game  |                9 |             34 |         3.78 |
|  u_clk_wiz/inst/clk_out1 |                                        | rst_ff2                     |               39 |             97 |         2.49 |
|  u_clk_wiz/inst/clk_out1 |                                        | input_ctrl_inst/reset_game  |              563 |            861 |         1.53 |
+--------------------------+----------------------------------------+-----------------------------+------------------+----------------+--------------+


